=== Before === {'mapped': 3873, 'trend_ready': 317, 'one_snap': 3551, 'zero_snap': 5}
Phase 1 rehydrate: ok=320 no_cache=3553
=== After rehydrate === {'mapped': 3873, 'trend_ready': 317, 'one_snap': 3551, 'zero_snap': 5}
Phase 2 network: 3556 players still < 2 snapshots
[1/3556] Bauer Herbert (pass=10718, rc=98922, had=0 snaps) …
  retry 1/5: <urlopen error [WinError 10060] Ein Verbindungsversuch ist fehlgeschlagen, da die Gegenstelle nach einer bestimmten Zeitspanne nicht richtig reagiert hat, oder die hergestellte Verbindung war fehlerhaft, da der verbundene Host nicht reagiert hat>
  retry 2/5: <urlopen error [WinError 10060] Ein Verbindungsversuch ist fehlgeschlagen, da die Gegenstelle nach einer bestimmten Zeitspanne nicht richtig reagiert hat, oder die hergestellte Verbindung war fehlerhaft, da der verbundene Host nicht reagiert hat>
  retry 3/5: <urlopen error [WinError 10060] Ein Verbindungsversuch ist fehlgeschlagen, da die Gegenstelle nach einer bestimmten Zeitspanne nicht richtig reagiert hat, oder die hergestellte Verbindung war fehlerhaft, da der verbundene Host nicht reagiert hat>
  retry 4/5: <urlopen error [WinError 10060] Ein Verbindungsversuch ist fehlgeschlagen, da die Gegenstelle nach einer bestimmten Zeitspanne nicht richtig reagiert hat, oder die hergestellte Verbindung war fehlerhaft, da der verbundene Host nicht reagiert hat>
  retry 5/5: <urlopen error [WinError 10060] Ein Verbindungsversuch ist fehlgeschlagen, da die Gegenstelle nach einer bestimmten Zeitspanne nicht richtig reagiert hat, oder die hergestellte Verbindung war fehlerhaft, da der verbundene Host nicht reagiert hat>
ERR Bauer Herbert (10718) rc=98922: <urlopen error [WinError 10060] Ein Verbindungsversuch ist fehlgeschlagen, da die Gegenstelle nach einer bestimmten Zeitspanne nicht richtig reagiert hat, oder die hergestellte Verbindung war fehlerhaft, da der verbundene Host nicht reagiert hat>
[2/3556] Hammermüller Alexander (pass=26393, rc=160962, had=0 snaps) …
  retry 1/5: <urlopen error [WinError 10060] Ein Verbindungsversuch ist fehlgeschlagen, da die Gegenstelle nach einer bestimmten Zeitspanne nicht richtig reagiert hat, oder die hergestellte Verbindung war fehlerhaft, da der verbundene Host nicht reagiert hat>
  retry 2/5: <urlopen error [WinError 10060] Ein Verbindungsversuch ist fehlgeschlagen, da die Gegenstelle nach einer bestimmten Zeitspanne nicht richtig reagiert hat, oder die hergestellte Verbindung war fehlerhaft, da der verbundene Host nicht reagiert hat>
  retry 3/5: <urlopen error [WinError 10060] Ein Verbindungsversuch ist fehlgeschlagen, da die Gegenstelle nach einer bestimmten Zeitspanne nicht richtig reagiert hat, oder die hergestellte Verbindung war fehlerhaft, da der verbundene Host nicht reagiert hat>
  retry 4/5: <urlopen error [WinError 10060] Ein Verbindungsversuch ist fehlgeschlagen, da die Gegenstelle nach einer bestimmten Zeitspanne nicht richtig reagiert hat, oder die hergestellte Verbindung war fehlerhaft, da der verbundene Host nicht reagiert hat>
  retry 5/5: <urlopen error [WinError 10060] Ein Verbindungsversuch ist fehlgeschlagen, da die Gegenstelle nach einer bestimmten Zeitspanne nicht richtig reagiert hat, oder die hergestellte Verbindung war fehlerhaft, da der verbundene Host nicht reagiert hat>
ERR Hammermüller Alexander (26393) rc=160962: <urlopen error [WinError 10060] Ein Verbindungsversuch ist fehlgeschlagen, da die Gegenstelle nach einer bestimmten Zeitspanne nicht richtig reagiert hat, oder die hergestellte Verbindung war fehlerhaft, da der verbundene Host nicht reagiert hat>
[3/3556] Mayrhofer Heidemarie (pass=79568, rc=54947, had=0 snaps) …
  retry 1/5: <urlopen error [WinError 10060] Ein Verbindungsversuch ist fehlgeschlagen, da die Gegenstelle nach einer bestimmten Zeitspanne nicht richtig reagiert hat, oder die hergestellte Verbindung war fehlerhaft, da der verbundene Host nicht reagiert hat>
  retry 2/5: <urlopen error [WinError 10060] Ein Verbindungsversuch ist fehlgeschlagen, da die Gegenstelle nach einer bestimmten Zeitspanne nicht richtig reagiert hat, oder die hergestellte Verbindung war fehlerhaft, da der verbundene Host nicht reagiert hat>
  retry 3/5: <urlopen error [WinError 10060] Ein Verbindungsversuch ist fehlgeschlagen, da die Gegenstelle nach einer bestimmten Zeitspanne nicht richtig reagiert hat, oder die hergestellte Verbindung war fehlerhaft, da der verbundene Host nicht reagiert hat>
  retry 4/5: <urlopen error [WinError 10060] Ein Verbindungsversuch ist fehlgeschlagen, da die Gegenstelle nach einer bestimmten Zeitspanne nicht richtig reagiert hat, oder die hergestellte Verbindung war fehlerhaft, da der verbundene Host nicht reagiert hat>
  retry 5/5: <urlopen error [WinError 10060] Ein Verbindungsversuch ist fehlgeschlagen, da die Gegenstelle nach einer bestimmten Zeitspanne nicht richtig reagiert hat, oder die hergestellte Verbindung war fehlerhaft, da der verbundene Host nicht reagiert hat>
ERR Mayrhofer Heidemarie (79568) rc=54947: <urlopen error [WinError 10060] Ein Verbindungsversuch ist fehlgeschlagen, da die Gegenstelle nach einer bestimmten Zeitspanne nicht richtig reagiert hat, oder die hergestellte Verbindung war fehlerhaft, da der verbundene Host nicht reagiert hat>
[4/3556] Mayrhofer Peta (pass=26391, rc=161079, had=0 snaps) …
  OK snapshots=14
[5/3556] Weigl Jakob (pass=26568, rc=165879, had=0 snaps) …
  OK snapshots=6
[6/3556] Ablinger David (pass=19023, rc=5726, had=1 snaps) …
  OK snapshots=18
[7/3556] Ablinger Julia (pass=70552, rc=137477, had=1 snaps) …
  OK snapshots=8
[8/3556] Ablinger Karin (pass=79771, rc=94561, had=1 snaps) …
  OK snapshots=14
[9/3556] Ablinger Lena (pass=70551, rc=137479, had=1 snaps) …
  OK snapshots=4
[10/3556] Ablinger Manfred (pass=16310, rc=54122, had=1 snaps) …
  OK snapshots=40
[11/3556] Ablinger Thomas (pass=18270, rc=55798, had=1 snaps) …
  OK snapshots=32
[12/3556] Abraham Horst (pass=25278, rc=113923, had=1 snaps) …
  OK snapshots=3
[13/3556] Abri Samad (pass=25336, rc=114241, had=1 snaps) …
  OK snapshots=25
[14/3556] Achathaler Sophie (pass=70579, rc=146932, had=1 snaps) …
  OK snapshots=4
[15/3556] Achleitner Andreas (pass=11026, rc=139418, had=1 snaps) …
  OK snapshots=21
[16/3556] Achleitner Günter (pass=16269, rc=54124, had=1 snaps) …
  OK snapshots=55
[17/3556] Achleitner Michael (pass=20844, rc=52371, had=1 snaps) …
  OK snapshots=55
[18/3556] Achleitner Stefan (pass=26051, rc=152975, had=1 snaps) …
  OK snapshots=28
[19/3556] Achleitner Wolfgang (pass=18458, rc=101649, had=1 snaps) …
  OK snapshots=53
[20/3556] Ackun Damjan (pass=50333, rc=108206, had=1 snaps) …
  OK snapshots=4
[21/3556] Adlmanseder Franz (pass=14758, rc=53118, had=1 snaps) …
  OK snapshots=47
[22/3556] Adlmanseder Raphael (pass=25821, rc=145647, had=1 snaps) …
  OK snapshots=41
[23/3556] Affenzeller Günter (pass=26376, rc=163117, had=1 snaps) …
  OK snapshots=9
[24/3556] Affenzeller Johann (pass=13755, rc=54238, had=1 snaps) …
  OK snapshots=11
[25/3556] Affenzeller Klara (pass=70635, rc=164943, had=1 snaps) …
  OK snapshots=4
[26/3556] Agac Mirkan (pass=23652, rc=55309, had=1 snaps) …
  OK snapshots=32
[27/3556] Ahamer Hans (pass=25378, rc=137278, had=1 snaps) …
  OK snapshots=38
[28/3556] Ahamer Johann (pass=11975, rc=54292, had=1 snaps) …
  OK snapshots=23
[29/3556] Ahmad-Aziz Monir (pass=50511, rc=163779, had=1 snaps) …
  OK snapshots=7
[30/3556] Ahorner Horst (pass=9392, rc=52719, had=1 snaps) …
  OK snapshots=3
[31/3556] Ahorner Kerstin (pass=70468, rc=103009, had=1 snaps) …
  OK snapshots=17
[32/3556] Ahorner Melanie (pass=70469, rc=103008, had=1 snaps) …
  OK snapshots=3
[33/3556] Ahrer Johann (pass=13114, rc=158129, had=1 snaps) …
  OK snapshots=21
[34/3556] Ahrer Sebastian (pass=25310, rc=113590, had=1 snaps) …
  OK snapshots=68
[35/3556] Ahrer Thomas (pass=13386, rc=54246, had=1 snaps) …
  OK snapshots=51
[36/3556] Ahrer Ursula (pass=74862, rc=151232, had=1 snaps) …
  OK snapshots=22
[37/3556] Ahrer Wolfgang (pass=13387, rc=104252, had=1 snaps) …
  OK snapshots=42
[38/3556] Aichberger Maximilian (pass=21056, rc=52358, had=1 snaps) …
  OK snapshots=13
[39/3556] Aichhorn Erwin (pass=13075, rc=52175, had=1 snaps) …
  OK snapshots=36
[40/3556] Aichhorn Fabian (pass=25629, rc=137802, had=1 snaps) …
  OK snapshots=4
[41/3556] Aichinger Julian (pass=25017, rc=108041, had=1 snaps) …
  OK snapshots=6
[42/3556] Aichinger Manuela (pass=70335, rc=64291, had=1 snaps) …
  OK snapshots=2
[43/3556] Aichinger Markus (pass=25609, rc=137486, had=1 snaps) …
  OK snapshots=28
[44/3556] Aichinger Moritz (pass=25508, rc=134687, had=1 snaps) …
  OK snapshots=11
[45/3556] Aichinger Oliver (pass=23589, rc=54750, had=1 snaps) …
  OK snapshots=36
[46/3556] Aichinger Raphael (pass=26249, rc=157589, had=1 snaps) …
  OK snapshots=6
[47/3556] Aichlseder Benedikt (pass=24446, rc=85773, had=1 snaps) …
  OK snapshots=2
[48/3556] Aichlseder Sebastian (pass=24447, rc=85772, had=1 snaps) …
  OK snapshots=46
[49/3556] Aigner Andreas (pass=22342, rc=53595, had=1 snaps) …
  OK snapshots=44
[50/3556] Aigner Armin (pass=21978, rc=54872, had=1 snaps) …
  OK snapshots=29
[51/3556] Aigner Christian (pass=16314, rc=52529, had=1 snaps) …
  OK snapshots=28
[52/3556] Aigner Erich (pass=16957, rc=52514, had=1 snaps) …
  OK snapshots=55
[53/3556] Aigner Franz (pass=24897, rc=101923, had=1 snaps) …
  OK snapshots=23
[54/3556] Aigner Franz Josef (pass=21029, rc=52977, had=1 snaps) …
  OK snapshots=30
[55/3556] Aigner Herbert (pass=15392, rc=52558, had=1 snaps) …
  OK snapshots=48
[56/3556] Aigner Simon (pass=26089, rc=154014, had=1 snaps) …
  OK snapshots=6
[57/3556] Aistleitner Philipp (pass=18929, rc=5728, had=1 snaps) …
  OK snapshots=25
[58/3556] Akkad Thomas (pass=25358, rc=114432, had=1 snaps) …
  OK snapshots=61
[59/3556] Alberndorfer Gottfried (pass=23912, rc=63113, had=1 snaps) …
  OK snapshots=51
[60/3556] Aldoori Ahmed (pass=50530, rc=156789, had=1 snaps) …
  OK snapshots=21
[61/3556] Alhalabi Yasir (pass=50529, rc=157037, had=1 snaps) …
  OK snapshots=23
[62/3556] Alic Thomas (pass=25218, rc=114096, had=1 snaps) …
  OK snapshots=13
[63/3556] Aliyev Yalchin (pass=50438, rc=144295, had=1 snaps) …
  OK snapshots=45
[64/3556] Alli Mensur (pass=50286, rc=88711, had=1 snaps) …
  OK snapshots=16
[65/3556] Alt Walter (pass=24068, rc=69220, had=1 snaps) …
  OK snapshots=36
[66/3556] Altenberger Markus (pass=24336, rc=79079, had=1 snaps) …
  OK snapshots=52
[67/3556] Altendorfer Sebastian (pass=25012, rc=104672, had=1 snaps) …
  OK snapshots=47
[68/3556] Altermüller Jürgen (pass=24398, rc=79083, had=1 snaps) …
  OK snapshots=40
[69/3556] Altmüller Georg (pass=13222, rc=52612, had=1 snaps) …
  OK snapshots=56
[70/3556] Altmüller Simon (pass=24118, rc=69833, had=1 snaps) …
  OK snapshots=14
[71/3556] Altmüller Stefan (pass=21208, rc=53735, had=1 snaps) …
  OK snapshots=25
[72/3556] Amering Herbert (pass=11139, rc=52951, had=1 snaps) …
  OK snapshots=42
[73/3556] Ammersdorfer Moritz (pass=25313, rc=113779, had=1 snaps) …
  OK snapshots=37
[74/3556] Ammersdorfer Roland (pass=25936, rc=163474, had=1 snaps) …
  OK snapshots=11
[75/3556] Amsz Berthold (pass=8572, rc=54357, had=1 snaps) …
  OK snapshots=40
[76/3556] Andorfer Bernhard (pass=22244, rc=55359, had=1 snaps) …
  OK snapshots=27
[77/3556] Andraschko Andreas (pass=23869, rc=39631, had=1 snaps) …
  OK snapshots=56
[78/3556] Andraschko Dominik (pass=22675, rc=53525, had=1 snaps) …
  OK snapshots=35
[79/3556] Andraschko Julian (pass=24926, rc=102266, had=1 snaps) …
  OK snapshots=2
[80/3556] Angerbauer Alfred (pass=8626, rc=52738, had=1 snaps) …
  OK snapshots=55
[81/3556] Angerbauer Michael (pass=23094, rc=54534, had=1 snaps) …
  OK snapshots=55
[82/3556] Angerer Alexander (pass=23446, rc=53343, had=1 snaps) …
  OK snapshots=22
[83/3556] Angerer Richard (pass=17002, rc=55041, had=1 snaps) …
  OK snapshots=2
[84/3556] Anibas Christoph (pass=23228, rc=53400, had=1 snaps) …
  OK snapshots=58
[85/3556] Anibas Oliver (pass=22943, rc=53479, had=1 snaps) …
  OK snapshots=26
[86/3556] Anisimov Alexey (pass=50356, rc=140077, had=1 snaps) …
  OK snapshots=24
[87/3556] Anreiter Benjamin (pass=26374, rc=162651, had=1 snaps) …
  OK snapshots=2
[88/3556] Anzinger Manfred (pass=20592, rc=53800, had=1 snaps) …
  OK snapshots=13
[89/3556] Arnold René (pass=21556, rc=52343, had=1 snaps) …
  OK snapshots=54
[90/3556] Arora Harshit (pass=50444, rc=144696, had=1 snaps) …
  OK snapshots=11
[91/3556] Artelsmair Thomas (pass=24618, rc=88381, had=1 snaps) …
  OK snapshots=53
[92/3556] Arth Reinhard (pass=7475, rc=54833, had=1 snaps) …
  OK snapshots=2
[93/3556] Arthofer Franz (pass=23226, rc=53401, had=1 snaps) …
  OK snapshots=44
[94/3556] Arzt Andreas (pass=18257, rc=52460, had=1 snaps) …
  OK snapshots=47
[95/3556] Arzt Thomas (pass=17910, rc=52470, had=1 snaps) …
  OK snapshots=52
[96/3556] Asanger Gottfried (pass=10714, rc=54708, had=1 snaps) …
  OK snapshots=17
[97/3556] Aschauer Johann (pass=22960, rc=53476, had=1 snaps) …
  OK snapshots=18
[98/3556] Aschauer Maximilian (pass=26300, rc=163778, had=1 snaps) …
  OK snapshots=10
[99/3556] Aschauer Stefan (pass=23502, rc=53316, had=1 snaps) …
  OK snapshots=52
[100/3556] Askari Hadi (pass=23830, rc=55762, had=1 snaps) …
  OK snapshots=8
[101/3556] Aspalter Markus (pass=23613, rc=54496, had=1 snaps) …
  OK snapshots=23
[102/3556] Astleithner Alois (pass=16443, rc=113648, had=1 snaps) …
  OK snapshots=12
[103/3556] Astleitner-Kaiser Cornelia (pass=70649, rc=28254, had=1 snaps) …
  OK snapshots=43
[104/3556] Auberger Heinrich (pass=9412, rc=54906, had=1 snaps) …
  OK snapshots=5
[105/3556] Auberger Robert Walter (pass=16156, rc=101963, had=1 snaps) …
  OK snapshots=51
[106/3556] Auböck Gerhard (pass=14847, rc=53053, had=1 snaps) …
  OK snapshots=35
[107/3556] Auböck Johannes (pass=13078, rc=54260, had=1 snaps) …
  OK snapshots=47
[108/3556] Auer Adrian (pass=26365, rc=163120, had=1 snaps) …
  OK snapshots=18
[109/3556] Auer Christian (pass=21815, rc=60751, had=1 snaps) …
  OK snapshots=45
[110/3556] Auer Mario (pass=18014, rc=76074, had=1 snaps) …
  OK snapshots=32
[111/3556] Auer Samuel (pass=24371, rc=78259, had=1 snaps) …
  OK snapshots=44
[112/3556] Auer-Nussbaumer Paul (pass=25951, rc=151952, had=1 snaps) …
  OK snapshots=10
[113/3556] Augl Josef (pass=25931, rc=152124, had=1 snaps) …
  OK snapshots=6
[114/3556] Augl Peter (pass=24048, rc=69224, had=1 snaps) …
  OK snapshots=30
[115/3556] Augusta Johannes (pass=25447, rc=144565, had=1 snaps) …
  OK snapshots=41
[116/3556] Augustin Jakob (pass=26442, rc=163089, had=1 snaps) …
  OK snapshots=5
[117/3556] Auinger Jochen (pass=23772, rc=55100, had=1 snaps) …
  OK snapshots=5
[118/3556] Aumayr Dominik (pass=21013, rc=104597, had=1 snaps) …
  OK snapshots=4
[119/3556] Aumayr Harald (pass=13353, rc=54248, had=1 snaps) …
  OK snapshots=48
[120/3556] Aumer Klaus (pass=8857, rc=54829, had=1 snaps) …
  OK snapshots=37
[121/3556] Aumiller Tobias (pass=50295, rc=94970, had=1 snaps) …
  OK snapshots=49
[122/3556] Aumüller Stefan (pass=16700, rc=54077, had=1 snaps) …
  OK snapshots=45
[123/3556] Ausserwöger Karl (pass=23015, rc=53459, had=1 snaps) …
  OK snapshots=44
[124/3556] Außerwöger Thomas (pass=22843, rc=53496, had=1 snaps) …
  OK snapshots=38
[125/3556] Avdyli Avdyl (pass=50536, rc=159222, had=1 snaps) …
  OK snapshots=14
[126/3556] Azaharez Wilder (pass=50486, rc=151187, had=1 snaps) …
  OK snapshots=12
[127/3556] Bacher Hanspeter (pass=25652, rc=139711, had=1 snaps) …
  OK snapshots=3
[128/3556] Bachinger Gerhard (pass=9284, rc=52723, had=1 snaps) …
  OK snapshots=52
[129/3556] Bachinger Norbert (pass=9285, rc=52722, had=1 snaps) …
  OK snapshots=46
[130/3556] Bachl Norbert (pass=10535, rc=54319, had=1 snaps) …
  OK snapshots=53
[131/3556] Bachleitner Josef (pass=8021, rc=54369, had=1 snaps) …
  OK snapshots=49
[132/3556] Bachler Walter (pass=5599, rc=54421, had=1 snaps) …
  OK snapshots=55
[133/3556] Bachmair Christian (pass=19083, rc=53916, had=1 snaps) …
  OK snapshots=47
[134/3556] Bachmair Markus (pass=19336, rc=56466, had=1 snaps) …
  OK snapshots=2
[135/3556] Bachmair Tobias (pass=26213, rc=157040, had=1 snaps) …
  OK snapshots=27
[136/3556] Bachmayr Adrian (pass=23623, rc=53278, had=1 snaps) …
  OK snapshots=6
[137/3556] Bachmayr Laurenz (pass=24271, rc=76034, had=1 snaps) …
  OK snapshots=3
[138/3556] Bachner Christian - Peter (pass=24575, rc=86844, had=1 snaps) …
  OK snapshots=28
[139/3556] Bachner Jonas (pass=23802, rc=56249, had=1 snaps) …
  OK snapshots=10
[140/3556] Bachschweller Josef (pass=19440, rc=52420, had=1 snaps) …
  OK snapshots=54
[141/3556] Back Martin (pass=40170, rc=158634, had=1 snaps) …
  OK snapshots=3
[142/3556] Back Tobias (pass=26049, rc=152976, had=1 snaps) …
  OK snapshots=18
[143/3556] Bader Helmut (pass=10294, rc=52691, had=1 snaps) …
  OK snapshots=33
[144/3556] Bagheri Arian (pass=25304, rc=113780, had=1 snaps) …
  OK snapshots=4
[145/3556] Bailer David (pass=26468, rc=163073, had=1 snaps) …
  OK snapshots=11
[146/3556] Bakunic Dule (pass=50413, rc=138762, had=1 snaps) …
  OK snapshots=38
[147/3556] Bala Harald (pass=22605, rc=53540, had=1 snaps) …
  OK snapshots=39
[148/3556] Balazs Zoltan (pass=50376, rc=152380, had=1 snaps) …
  OK snapshots=28
[149/3556] Baldinger Herbert (pass=11227, rc=52662, had=1 snaps) …
  OK snapshots=49
[150/3556] Ballenstorfer Berndt (pass=22452, rc=54567, had=1 snaps) …
  OK snapshots=17
[151/3556] Balster Leon (pass=26467, rc=163317, had=1 snaps) …
  OK snapshots=11
[152/3556] Bammer Albert (pass=11976, rc=52641, had=1 snaps) …
  OK snapshots=56
[153/3556] Bammer Klaus (pass=13340, rc=52609, had=1 snaps) …
  OK snapshots=41
[154/3556] Barker Frank (pass=50544, rc=158795, had=1 snaps) …
  OK snapshots=8
[155/3556] Barlovic Agron (pass=20500, rc=33604, had=1 snaps) …
  OK snapshots=31
[156/3556] Barsa Andrei-Teodor (pass=26327, rc=158782, had=1 snaps) …
  OK snapshots=12
[157/3556] Barsa Ioan (pass=50432, rc=144299, had=1 snaps) …
  OK snapshots=63
[158/3556] Barth Peter (pass=20849, rc=52369, had=1 snaps) …
  OK snapshots=42
[159/3556] Bathory Attila (pass=50189, rc=27053, had=1 snaps) …
  OK snapshots=62
[160/3556] Bauer Erich (pass=15520, rc=54161, had=1 snaps) …
  OK snapshots=19
[161/3556] Bauer Harald (pass=6341, rc=54738, had=1 snaps) …
  OK snapshots=16
[162/3556] Bauer Miroslav (pass=50330, rc=108016, had=1 snaps) …
  OK snapshots=51
[163/3556] Bauer Roland (pass=19521, rc=63896, had=1 snaps) …
  OK snapshots=51
[164/3556] Bauer Stefan (pass=19903, rc=53855, had=1 snaps) …
  OK snapshots=48
[165/3556] Bauer Thomas (pass=26209, rc=157041, had=1 snaps) …
  OK snapshots=4
[166/3556] Bauernberger Manuel (pass=25949, rc=151189, had=1 snaps) …
  OK snapshots=49
[167/3556] Bauernfeind Daniel (pass=23975, rc=65313, had=1 snaps) …
  OK snapshots=49
[168/3556] Bauhofer Patrick (pass=26503, rc=163306, had=1 snaps) …
  OK snapshots=14
[169/3556] Baumann Markus (pass=12394, rc=152696, had=1 snaps) …
  OK snapshots=18
[170/3556] Baumberger Horst (pass=25240, rc=114690, had=1 snaps) …
  OK snapshots=10
[171/3556] Baumfried Maximilian (pass=22903, rc=52892, had=1 snaps) …
  OK snapshots=33
[172/3556] Baumgartner Andreas (pass=17178, rc=54047, had=1 snaps) …
  OK snapshots=34
[173/3556] Baumgartner David (pass=21677, rc=55795, had=1 snaps) …
  OK snapshots=12
[174/3556] Baumgartner Gerhard (pass=13728, rc=56469, had=1 snaps) …
  OK snapshots=15
[175/3556] Baumgartner Lothar (pass=19858, rc=52917, had=1 snaps) …
  OK snapshots=26
[176/3556] Baumgartner Markus (pass=24337, rc=30767, had=1 snaps) …
  OK snapshots=1
[177/3556] Baumgartner Peter (pass=18268, rc=53987, had=1 snaps) …
  OK snapshots=52
[178/3556] Baumgartner Reinhart (pass=6146, rc=86348, had=1 snaps) …
  OK snapshots=8
[179/3556] Baumgartner Richard (pass=24641, rc=88899, had=1 snaps) …
  OK snapshots=2
[180/3556] Baumgartner Samuel (pass=25547, rc=137271, had=1 snaps) …
  OK snapshots=16
[181/3556] Baumgartner Thomas (pass=14451, rc=52581, had=1 snaps) …
  OK snapshots=19
[182/3556] Baumgartner Tina (pass=79050, rc=53920, had=1 snaps) …
  OK snapshots=9
[183/3556] Bayer Elias (pass=25177, rc=110865, had=1 snaps) …
  OK snapshots=12
[184/3556] Bayer Kurt (pass=26436, rc=163326, had=1 snaps) …
  OK snapshots=10
[185/3556] Beaudin Rene (pass=5608, rc=95970, had=1 snaps) …
  OK snapshots=24
[186/3556] Beham Jakob (pass=25902, rc=151615, had=1 snaps) …
  OK snapshots=4
[187/3556] Behringer Erwin (pass=14971, rc=53229, had=1 snaps) …
  OK snapshots=4
[188/3556] Beichl Karl (pass=6955, rc=54737, had=1 snaps) …
  OK snapshots=13
[189/3556] Beneder Christian (pass=16293, rc=95377, had=1 snaps) …
  OK snapshots=37
[190/3556] Beneder Gerhard (pass=7690, rc=54376, had=1 snaps) …
  OK snapshots=38
[191/3556] Beneder Nevio (pass=25490, rc=134523, had=1 snaps) …
  OK snapshots=46
[192/3556] Benedik Erich (pass=8172, rc=54910, had=1 snaps) …
  OK snapshots=21
[193/3556] Berger Angela (pass=60026, rc=54551, had=1 snaps) …
  OK snapshots=9
[194/3556] Berger Benjamin (pass=26465, rc=163075, had=1 snaps) …
  OK snapshots=10
[195/3556] Berger Bernhard (pass=18539, rc=55369, had=1 snaps) …
  OK snapshots=50
[196/3556] Berger Florian (pass=25366, rc=114679, had=1 snaps) …
  OK snapshots=45
[197/3556] Berger Franz (pass=13899, rc=27411, had=1 snaps) …
  OK snapshots=32
[198/3556] Berger Friedrich (pass=13303, rc=54251, had=1 snaps) …
  OK snapshots=46
[199/3556] Berger HansJörg (pass=17076, rc=52506, had=1 snaps) …
  OK snapshots=53
[200/3556] Berger Harald (pass=25223, rc=114243, had=1 snaps) …
  OK snapshots=26
[201/3556] Berger Janek (pass=26351, rc=159708, had=1 snaps) …
  OK snapshots=3
[202/3556] Berger Kevin (pass=25731, rc=144559, had=1 snaps) …
  OK snapshots=40
[203/3556] Berger Kuno (pass=15308, rc=54169, had=1 snaps) …
  OK snapshots=6
[204/3556] Berger Kurt (pass=19735, rc=54633, had=1 snaps) …
  OK snapshots=43
[205/3556] Berger Leo (pass=26313, rc=159710, had=1 snaps) …
  OK snapshots=21
[206/3556] Berger Lukas (pass=24066, rc=69797, had=1 snaps) …
  OK snapshots=47
[207/3556] Berger Martin (pass=25379, rc=27219, had=1 snaps) …
  OK snapshots=26
[208/3556] Berger Michael (pass=40144, rc=88401, had=1 snaps) …
  OK snapshots=30
[209/3556] Berger Olivia (pass=74044, rc=113585, had=1 snaps) …
  OK snapshots=94
[210/3556] Berger Robert (pass=16321, rc=52197, had=1 snaps) …
  OK snapshots=46
[211/3556] Berger Sandra (pass=60053, rc=102769, had=1 snaps) …
  OK snapshots=8
[212/3556] Berger Sebastian (pass=20383, rc=53817, had=1 snaps) …
  OK snapshots=54
[213/3556] Berger Vinzenz (pass=24169, rc=70754, had=1 snaps) …
  OK snapshots=4
[214/3556] Berghammer Jonas (pass=25510, rc=134515, had=1 snaps) …
  OK snapshots=37
[215/3556] Berghammer Michael (pass=20753, rc=52915, had=1 snaps) …
  OK snapshots=13
[216/3556] Bergmair Kevin (pass=25527, rc=134504, had=1 snaps) …
  OK snapshots=9
[217/3556] Berlesreiter Günter (pass=22850, rc=65202, had=1 snaps) …
  OK snapshots=29
[218/3556] Berndl Lukas (pass=21902, rc=54794, had=1 snaps) …
  OK snapshots=4
[219/3556] Bernert Markus (pass=23534, rc=55018, had=1 snaps) …
  OK snapshots=38
[220/3556] Bernthaler Ernst (pass=22687, rc=30841, had=1 snaps) …
  OK snapshots=49
[221/3556] Berrer Helmut (pass=16436, rc=53169, had=1 snaps) …
  OK snapshots=46
[222/3556] Berrer Josef (pass=15624, rc=54155, had=1 snaps) …
  OK snapshots=33
[223/3556] Berrer Leander (pass=25105, rc=109430, had=1 snaps) …
  OK snapshots=41
[224/3556] Berrer Simon (pass=23118, rc=53435, had=1 snaps) …
  OK snapshots=47
[225/3556] Beshara Magdy (pass=19398, rc=54996, had=1 snaps) …
  OK snapshots=3
[226/3556] Besic Adis (pass=25487, rc=134526, had=1 snaps) …
  OK snapshots=5
[227/3556] Beyer Alexander (pass=50416, rc=138507, had=1 snaps) …
  OK snapshots=48
[228/3556] Bezeg Tibor (pass=50370, rc=113916, had=1 snaps) …
  OK snapshots=34
[229/3556] Bian Benjamin (pass=40098, rc=113238, had=1 snaps) …
  OK snapshots=82
[230/3556] Biberauer Leopold (pass=25136, rc=109894, had=1 snaps) …
  OK snapshots=34
[231/3556] Bichler Fabian (pass=22575, rc=52312, had=1 snaps) …
  OK snapshots=10
[232/3556] Bichler Gerhard (pass=21069, rc=53749, had=1 snaps) …
  OK snapshots=43
[233/3556] Bichler Marco (pass=26125, rc=165049, had=1 snaps) …
  OK snapshots=2
[234/3556] Bichler Werner (pass=23306, rc=53384, had=1 snaps) …
  OK snapshots=57
[235/3556] Bielat Marcin (pass=50545, rc=159219, had=1 snaps) …
  OK snapshots=24
[236/3556] Billmaier Uto (pass=50555, rc=163327, had=1 snaps) …
  OK snapshots=20
[237/3556] Binder Herbert (pass=19174, rc=53910, had=1 snaps) …
  OK snapshots=15
[238/3556] Binder Manuel (pass=24263, rc=76041, had=1 snaps) …
  OK snapshots=56
[239/3556] Binder Wolfgang (pass=20701, rc=53788, had=1 snaps) …
  OK snapshots=55
[240/3556] Birkelhuber Johann (pass=6104, rc=69395, had=1 snaps) …
  OK snapshots=4
[241/3556] Birklbauer Martin (pass=24234, rc=76317, had=1 snaps) …
  OK snapshots=17
[242/3556] Bito Rudolf (pass=11219, rc=52663, had=1 snaps) …
  OK snapshots=27
[243/3556] Bittermann Patrick (pass=25809, rc=145653, had=1 snaps) …
  OK snapshots=33
[244/3556] Bittner Gerhard (pass=19052, rc=54641, had=1 snaps) …
  OK snapshots=2
[245/3556] Bittricher Fabio (pass=25807, rc=145088, had=1 snaps) …
  OK snapshots=23
[246/3556] Bittricher René (pass=25968, rc=151609, had=1 snaps) …
  OK snapshots=12
[247/3556] Blaimschein Florian (pass=19058, rc=53918, had=1 snaps) …
  OK snapshots=13
[248/3556] Blantz Andreas (pass=12810, rc=52214, had=1 snaps) …
  OK snapshots=48
[249/3556] Blaschek Dominik (pass=25913, rc=151206, had=1 snaps) …
  OK snapshots=30
[250/3556] Blaschek Johannes (pass=25914, rc=151205, had=1 snaps) …
  OK snapshots=33
[251/3556] Blaschek Werner (pass=12801, rc=85813, had=1 snaps) …
  OK snapshots=19
[252/3556] Blasl Edgar (pass=10709, rc=52686, had=1 snaps) …
  OK snapshots=29
[253/3556] Blasl Nikolaus (pass=26456, rc=163079, had=1 snaps) …
  OK snapshots=12
[254/3556] Blazek David (pass=50513, rc=156817, had=1 snaps) …
  OK snapshots=31
[255/3556] Bleckenwegner Johannes (pass=24455, rc=85767, had=1 snaps) …
  OK snapshots=12
[256/3556] Bleckenwegner Robert (pass=12444, rc=52207, had=1 snaps) …
  OK snapshots=47
[257/3556] Blehrmühlhuber Jonas (pass=25616, rc=138510, had=1 snaps) …
  OK snapshots=22
[258/3556] Bleimer Lukas Gerhard (pass=22238, rc=52319, had=1 snaps) …
  OK snapshots=41
[259/3556] Blum Robert (pass=20996, rc=53761, had=1 snaps) …
  OK snapshots=47
[260/3556] Blumenschein Franz (pass=12499, rc=54273, had=1 snaps) …
  OK snapshots=54
[261/3556] Blumenschein Jakob (pass=40083, rc=102109, had=1 snaps) …
  OK snapshots=12
[262/3556] Blöchl Mario (pass=15339, rc=38026, had=1 snaps) …
  OK snapshots=55
[263/3556] Blüher Johannes (pass=23717, rc=53246, had=1 snaps) …
  OK snapshots=54
[264/3556] Boakye Joseph (pass=26183, rc=156802, had=1 snaps) …
  OK snapshots=30
[265/3556] Bobocel Denis Stefan (pass=50494, rc=151383, had=1 snaps) …
  OK snapshots=16
[266/3556] Bodocean Danut (pass=21893, rc=55770, had=1 snaps) …
  OK snapshots=42
[267/3556] Bogner Carla (pass=70607, rc=157319, had=1 snaps) …
  OK snapshots=8
[268/3556] Bogner Flora (pass=70606, rc=157320, had=1 snaps) …
  OK snapshots=5
[269/3556] Bohn Herbert (pass=9104, rc=54344, had=1 snaps) …
  OK snapshots=54
[270/3556] Bohnsteiger Samuel (pass=40154, rc=146114, had=1 snaps) …
  OK snapshots=20
[271/3556] Bonigut Georg (pass=2076, rc=53829, had=1 snaps) …
  OK snapshots=42
